List of bugs in the program:


No errors found.